mode: set
github.com/quantumauth-io/go-quantumauth-mw/header_parse.go:18.74,20.38 2 1
github.com/quantumauth-io/go-quantumauth-mw/header_parse.go:20.38,22.3 1 1
github.com/quantumauth-io/go-quantumauth-mw/header_parse.go:24.2,25.16 2 1
github.com/quantumauth-io/go-quantumauth-mw/header_parse.go:25.16,27.3 1 0
github.com/quantumauth-io/go-quantumauth-mw/header_parse.go:29.2,33.26 4 1
github.com/quantumauth-io/go-quantumauth-mw/header_parse.go:33.26,35.14 2 1
github.com/quantumauth-io/go-quantumauth-mw/header_parse.go:35.14,36.12 1 0
github.com/quantumauth-io/go-quantumauth-mw/header_parse.go:38.3,39.19 2 1
github.com/quantumauth-io/go-quantumauth-mw/header_parse.go:39.19,41.4 1 0
github.com/quantumauth-io/go-quantumauth-mw/header_parse.go:42.3,44.16 3 1
github.com/quantumauth-io/go-quantumauth-mw/header_parse.go:44.16,46.4 1 0
github.com/quantumauth-io/go-quantumauth-mw/header_parse.go:47.3,47.29 1 1
github.com/quantumauth-io/go-quantumauth-mw/header_parse.go:47.29,49.4 1 0
github.com/quantumauth-io/go-quantumauth-mw/header_parse.go:50.3,54.16 3 1
github.com/quantumauth-io/go-quantumauth-mw/header_parse.go:54.16,56.4 1 0
github.com/quantumauth-io/go-quantumauth-mw/header_parse.go:57.3,57.19 1 1
github.com/quantumauth-io/go-quantumauth-mw/header_parse.go:60.2,66.41 2 1
github.com/quantumauth-io/go-quantumauth-mw/header_parse.go:66.41,68.3 1 1
github.com/quantumauth-io/go-quantumauth-mw/header_parse.go:69.2,69.17 1 1
github.com/quantumauth-io/go-quantumauth-mw/host.go:19.68,24.29 2 1
github.com/quantumauth-io/go-quantumauth-mw/host.go:24.29,25.29 1 1
github.com/quantumauth-io/go-quantumauth-mw/host.go:25.29,26.62 1 1
github.com/quantumauth-io/go-quantumauth-mw/host.go:26.62,28.5 1 1
github.com/quantumauth-io/go-quantumauth-mw/host.go:30.3,30.67 1 1
github.com/quantumauth-io/go-quantumauth-mw/host.go:30.67,32.4 1 0
github.com/quantumauth-io/go-quantumauth-mw/host.go:35.2,36.16 2 1
github.com/quantumauth-io/go-quantumauth-mw/host.go:36.16,38.3 1 0
github.com/quantumauth-io/go-quantumauth-mw/host.go:39.2,39.18 1 1
github.com/quantumauth-io/go-quantumauth-mw/host.go:44.40,46.13 2 1
github.com/quantumauth-io/go-quantumauth-mw/host.go:46.13,48.3 1 0
github.com/quantumauth-io/go-quantumauth-mw/host.go:51.2,62.10 5 1
github.com/quantumauth-io/go-quantumauth-mw/host.go:65.32,67.13 2 1
github.com/quantumauth-io/go-quantumauth-mw/host.go:67.13,69.3 1 1
github.com/quantumauth-io/go-quantumauth-mw/host.go:70.2,70.44 1 1
github.com/quantumauth-io/go-quantumauth-mw/host.go:70.44,72.3 1 0
github.com/quantumauth-io/go-quantumauth-mw/host.go:73.2,73.10 1 1
github.com/quantumauth-io/go-quantumauth-mw/host.go:77.45,82.15 3 1
github.com/quantumauth-io/go-quantumauth-mw/host.go:82.15,84.3 1 0
github.com/quantumauth-io/go-quantumauth-mw/host.go:86.2,87.26 2 1
github.com/quantumauth-io/go-quantumauth-mw/host.go:87.26,89.17 2 1
github.com/quantumauth-io/go-quantumauth-mw/host.go:89.17,90.12 1 0
github.com/quantumauth-io/go-quantumauth-mw/host.go:92.3,92.53 1 1
github.com/quantumauth-io/go-quantumauth-mw/host.go:92.53,96.4 3 1
github.com/quantumauth-io/go-quantumauth-mw/host.go:98.2,98.11 1 0
github.com/quantumauth-io/go-quantumauth-mw/host.go:101.62,102.35 1 1
github.com/quantumauth-io/go-quantumauth-mw/host.go:102.35,104.3 1 1
github.com/quantumauth-io/go-quantumauth-mw/host.go:106.2,107.21 2 1
github.com/quantumauth-io/go-quantumauth-mw/host.go:107.21,109.3 1 0
github.com/quantumauth-io/go-quantumauth-mw/host.go:111.2,111.43 1 1
github.com/quantumauth-io/go-quantumauth-mw/host.go:111.43,113.33 2 1
github.com/quantumauth-io/go-quantumauth-mw/host.go:113.33,114.12 1 0
github.com/quantumauth-io/go-quantumauth-mw/host.go:116.3,116.31 1 1
github.com/quantumauth-io/go-quantumauth-mw/host.go:116.31,118.4 1 1
github.com/quantumauth-io/go-quantumauth-mw/host.go:120.2,120.14 1 1
github.com/quantumauth-io/go-quantumauth-mw/host.go:123.47,126.16 2 1
github.com/quantumauth-io/go-quantumauth-mw/host.go:126.16,129.3 1 0
github.com/quantumauth-io/go-quantumauth-mw/host.go:130.2,130.26 1 1
github.com/quantumauth-io/go-quantumauth-mw/qa_middleware.go:34.67,36.2 1 1
github.com/quantumauth-io/go-quantumauth-mw/qa_middleware.go:42.93,45.2 2 1
github.com/quantumauth-io/go-quantumauth-mw/qa_middleware.go:47.60,51.2 3 1
github.com/quantumauth-io/go-quantumauth-mw/qa_middleware.go:84.37,85.26 1 1
github.com/quantumauth-io/go-quantumauth-mw/qa_middleware.go:85.26,85.47 1 1
github.com/quantumauth-io/go-quantumauth-mw/qa_middleware.go:88.58,89.26 1 1
github.com/quantumauth-io/go-quantumauth-mw/qa_middleware.go:89.26,89.44 1 1
github.com/quantumauth-io/go-quantumauth-mw/qa_middleware.go:92.72,93.26 1 0
github.com/quantumauth-io/go-quantumauth-mw/qa_middleware.go:93.26,93.49 1 0
github.com/quantumauth-io/go-quantumauth-mw/qa_middleware.go:96.42,97.26 1 0
github.com/quantumauth-io/go-quantumauth-mw/qa_middleware.go:97.26,97.46 1 0
github.com/quantumauth-io/go-quantumauth-mw/qa_middleware.go:100.85,101.26 1 1
github.com/quantumauth-io/go-quantumauth-mw/qa_middleware.go:101.26,101.50 1 1
github.com/quantumauth-io/go-quantumauth-mw/qa_middleware.go:104.94,105.26 1 1
github.com/quantumauth-io/go-quantumauth-mw/qa_middleware.go:105.26,105.48 1 1
github.com/quantumauth-io/go-quantumauth-mw/qa_middleware.go:112.82,115.42 1 1
github.com/quantumauth-io/go-quantumauth-mw/qa_middleware.go:115.42,116.20 1 1
github.com/quantumauth-io/go-quantumauth-mw/qa_middleware.go:116.20,118.5 1 1
github.com/quantumauth-io/go-quantumauth-mw/qa_middleware.go:119.4,119.13 1 0
github.com/quantumauth-io/go-quantumauth-mw/qa_middleware.go:121.56,123.4 1 1
github.com/quantumauth-io/go-quantumauth-mw/qa_middleware.go:128.64,130.4 1 1
github.com/quantumauth-io/go-quantumauth-mw/qa_middleware.go:131.73,133.4 1 1
github.com/quantumauth-io/go-quantumauth-mw/qa_middleware.go:135.2,135.27 1 1
github.com/quantumauth-io/go-quantumauth-mw/qa_middleware.go:135.27,137.3 1 1
github.com/quantumauth-io/go-quantumauth-mw/qa_middleware.go:139.2,139.46 1 1
github.com/quantumauth-io/go-quantumauth-mw/qa_middleware.go:139.46,140.72 1 1
github.com/quantumauth-io/go-quantumauth-mw/qa_middleware.go:140.72,144.24 2 1
github.com/quantumauth-io/go-quantumauth-mw/qa_middleware.go:144.24,145.22 1 1
github.com/quantumauth-io/go-quantumauth-mw/qa_middleware.go:145.22,148.6 2 1
github.com/quantumauth-io/go-quantumauth-mw/qa_middleware.go:149.5,150.11 2 1
github.com/quantumauth-io/go-quantumauth-mw/qa_middleware.go:154.4,154.87 1 1
github.com/quantumauth-io/go-quantumauth-mw/qa_middleware.go:154.87,157.5 2 1
github.com/quantumauth-io/go-quantumauth-mw/qa_middleware.go:160.4,162.18 1 1
github.com/quantumauth-io/go-quantumauth-mw/qa_middleware.go:162.18,165.5 2 1
github.com/quantumauth-io/go-quantumauth-mw/qa_middleware.go:168.4,176.18 3 1
github.com/quantumauth-io/go-quantumauth-mw/qa_middleware.go:176.18,177.40 1 1
github.com/quantumauth-io/go-quantumauth-mw/qa_middleware.go:177.40,180.6 2 1
github.com/quantumauth-io/go-quantumauth-mw/qa_middleware.go:181.5,181.38 1 1
github.com/quantumauth-io/go-quantumauth-mw/qa_middleware.go:181.38,184.6 2 1
github.com/quantumauth-io/go-quantumauth-mw/qa_middleware.go:185.5,186.11 2 0
github.com/quantumauth-io/go-quantumauth-mw/qa_middleware.go:188.4,188.79 1 1
github.com/quantumauth-io/go-quantumauth-mw/qa_middleware.go:188.79,191.5 2 0
github.com/quantumauth-io/go-quantumauth-mw/qa_middleware.go:193.4,194.41 2 1
github.com/quantumauth-io/go-quantumauth-mw/qa_middleware.go:201.73,204.69 3 1
github.com/quantumauth-io/go-quantumauth-mw/qa_middleware.go:204.69,206.3 1 1
github.com/quantumauth-io/go-quantumauth-mw/qa_middleware.go:208.2,213.64 2 1
github.com/quantumauth-io/go-quantumauth-mw/qa_middleware.go:213.64,215.3 1 1
github.com/quantumauth-io/go-quantumauth-mw/qa_middleware.go:217.2,217.12 1 1
github.com/quantumauth-io/go-quantumauth-mw/qa_middleware.go:224.38,229.12 3 0
github.com/quantumauth-io/go-quantumauth-mw/qa_middleware.go:229.12,230.15 1 0
github.com/quantumauth-io/go-quantumauth-mw/qa_middleware.go:231.30,232.7 1 0
github.com/quantumauth-io/go-quantumauth-mw/qa_middleware.go:233.11,234.14 1 0
github.com/quantumauth-io/go-quantumauth-mw/qa_middleware.go:237.1,238.12 1 0
github.com/quantumauth-io/go-quantumauth-mw/qa_middleware.go:238.12,239.17 1 0
github.com/quantumauth-io/go-quantumauth-mw/qa_middleware.go:240.30,241.7 1 0
github.com/quantumauth-io/go-quantumauth-mw/qa_middleware.go:242.11,243.9 1 0
github.com/quantumauth-io/go-quantumauth-mw/qa_middleware.go:246.2,246.15 1 0
github.com/quantumauth-io/go-quantumauth-mw/remote_verifier.go:38.42,40.2 1 1
github.com/quantumauth-io/go-quantumauth-mw/remote_verifier.go:42.93,43.76 1 1
github.com/quantumauth-io/go-quantumauth-mw/remote_verifier.go:43.76,45.3 1 0
github.com/quantumauth-io/go-quantumauth-mw/remote_verifier.go:46.2,46.26 1 1
github.com/quantumauth-io/go-quantumauth-mw/remote_verifier.go:46.26,48.3 1 0
github.com/quantumauth-io/go-quantumauth-mw/remote_verifier.go:50.2,51.15 2 1
github.com/quantumauth-io/go-quantumauth-mw/remote_verifier.go:51.15,53.3 1 1
github.com/quantumauth-io/go-quantumauth-mw/remote_verifier.go:55.2,56.16 2 1
github.com/quantumauth-io/go-quantumauth-mw/remote_verifier.go:56.16,58.3 1 0
github.com/quantumauth-io/go-quantumauth-mw/remote_verifier.go:59.2,66.16 3 1
github.com/quantumauth-io/go-quantumauth-mw/remote_verifier.go:66.16,68.3 1 0
github.com/quantumauth-io/go-quantumauth-mw/remote_verifier.go:70.2,71.16 2 1
github.com/quantumauth-io/go-quantumauth-mw/remote_verifier.go:71.16,73.3 1 0
github.com/quantumauth-io/go-quantumauth-mw/remote_verifier.go:74.2,76.35 2 1
github.com/quantumauth-io/go-quantumauth-mw/remote_verifier.go:76.35,77.33 1 0
github.com/quantumauth-io/go-quantumauth-mw/remote_verifier.go:77.33,79.4 1 0
github.com/quantumauth-io/go-quantumauth-mw/remote_verifier.go:82.2,83.16 2 1
github.com/quantumauth-io/go-quantumauth-mw/remote_verifier.go:83.16,85.3 1 0
github.com/quantumauth-io/go-quantumauth-mw/remote_verifier.go:86.2,89.25 3 1
github.com/quantumauth-io/go-quantumauth-mw/remote_verifier.go:90.21,92.49 2 1
github.com/quantumauth-io/go-quantumauth-mw/remote_verifier.go:92.49,94.4 1 0
github.com/quantumauth-io/go-quantumauth-mw/remote_verifier.go:96.3,96.45 1 1
github.com/quantumauth-io/go-quantumauth-mw/remote_verifier.go:96.45,98.4 1 0
github.com/quantumauth-io/go-quantumauth-mw/remote_verifier.go:99.3,99.69 1 1
github.com/quantumauth-io/go-quantumauth-mw/remote_verifier.go:101.31,102.62 1 1
github.com/quantumauth-io/go-quantumauth-mw/remote_verifier.go:104.29,105.80 1 1
github.com/quantumauth-io/go-quantumauth-mw/remote_verifier.go:107.10,109.104 1 0
github.com/quantumauth-io/go-quantumauth-mw/chi/qa_middleware.go:14.97,16.2 1 1
github.com/quantumauth-io/go-quantumauth-mw/chi/qa_middleware.go:18.49,20.2 1 1
github.com/quantumauth-io/go-quantumauth-mw/gin/qa_middleware.go:11.60,13.2 1 1
github.com/quantumauth-io/go-quantumauth-mw/gin/qa_middleware.go:16.86,19.2 2 1
github.com/quantumauth-io/go-quantumauth-mw/gin/qa_middleware.go:21.79,23.30 2 1
github.com/quantumauth-io/go-quantumauth-mw/gin/qa_middleware.go:23.30,26.68 2 1
github.com/quantumauth-io/go-quantumauth-mw/gin/qa_middleware.go:26.68,30.4 3 1
github.com/quantumauth-io/go-quantumauth-mw/gin/qa_middleware.go:32.3,32.14 1 1
github.com/quantumauth-io/go-quantumauth-mw/gin/qa_middleware.go:32.14,35.4 2 1
github.com/quantumauth-io/go-quantumauth-mw/gin/qa_middleware.go:39.44,41.2 1 1
